
> posturepal@1.0.0 dist:win
> npm run build && electron-builder --win


> posturepal@1.0.0 build
> webpack --mode production

asset [1m[33mbundle.js[39m[22m [1m[33m1.75 MiB[39m[22m [1m[33m[compared for emit][39m[22m [1m[32m[minimized][39m[22m [1m[33m[big][39m[22m (name: bundle) 1 related asset
asset [1m[33mbackground.bundle.js[39m[22m [1m[33m1.39 MiB[39m[22m [1m[33m[compared for emit][39m[22m [1m[32m[minimized][39m[22m [1m[33m[big][39m[22m (name: background.bundle) 1 related asset
orphan modules 16.7 MiB [1m[33m[orphan][39m[22m 1551 modules
runtime modules 2.75 KiB 16 modules
cacheable modules 32.7 MiB
  modules by path [1m./[39m[22m 32.7 MiB
    modules by path [1m./node_modules/[39m[22m 253 KiB 17 modules
    modules by path [1m./src/renderer/[39m[22m 32.5 MiB
      [1m./src/renderer/index.jsx + 1546 modules[39m[22m 16.6 MiB [1m[33m[built][39m[22m [1m[33m[code generated][39m[22m
      [1m./src/renderer/background.js + 1497 modules[39m[22m 15.8 MiB [1m[33m[built][39m[22m [1m[33m[code generated][39m[22m
  [1mfs (ignored)[39m[22m 15 bytes [1m[33m[built][39m[22m [1m[33m[code generated][39m[22m
  [1mnode-fetch (ignored)[39m[22m 15 bytes [1m[33m[built][39m[22m [1m[33m[code generated][39m[22m
  [1mutil (ignored)[39m[22m 15 bytes [1m[33m[built][39m[22m [1m[33m[code generated][39m[22m
  [1mstring_decoder (ignored)[39m[22m 15 bytes [1m[33m[built][39m[22m [1m[33m[code generated][39m[22m
  [1mcrypto (ignored)[39m[22m 15 bytes [1m[33m[optional][39m[22m [1m[33m[built][39m[22m [1m[33m[code generated][39m[22m
  [1mstring_decoder (ignored)[39m[22m 15 bytes [1m[33m[built][39m[22m [1m[33m[code generated][39m[22m

[1m[33mWARNING[39m[22m in [1masset size limit: The following asset(s) exceed the recommended size limit (244 KiB).
This can impact web performance.
Assets: 
  bundle.js (1.75 MiB)
  background.bundle.js (1.39 MiB)[39m[22m

[1m[33mWARNING[39m[22m in [1mentrypoint size limit: The following entrypoint(s) combined asset size exceeds the recommended limit (244 KiB). This can impact web performance.
Entrypoints:
  bundle (1.75 MiB)
      bundle.js
  background.bundle (1.39 MiB)
      background.bundle.js
[39m[22m

[1m[33mWARNING[39m[22m in [1mwebpack performance recommendations: 
You can limit the size of your bundles by using import() or require.ensure to lazy load some parts of your application.
For more info visit https://webpack.js.org/guides/code-splitting/[39m[22m

webpack 5.106.2 compiled with [1m[33m3 warnings[39m[22m in 18909 ms
  ΓÇó electron-builder  version=26.8.1 os=10.0.26200
  ΓÇó loaded configuration  file=C:\Users\HITES\PosturePal\electron-builder.yml
  ΓÇó author is missed in the package.json  appPackageFile=C:\Users\HITES\PosturePal\package.json
  ΓÇó executing @electron/rebuild  electronVersion=42.0.1 arch=x64 buildFromSource=false workspaceRoot=C:\Users\HITES\PosturePal projectDir=./ appDir=./
  ΓÇó installing native dependencies  arch=x64
  ΓÇó preparing       moduleName=canvas arch=x64
  ΓÇó finished        moduleName=canvas arch=x64
  ΓÇó completed installing native dependencies
  ΓÇó packaging       platform=win32 arch=x64 electron=42.0.1 appOutDir=release\win-unpacked
  ΓÇó searching for node modules  pm=npm searchDir=C:\Users\HITES\PosturePal
node.exe : (node:10864) [DEP0190] DeprecationWarning: Passing args to a child 
process with shell option true can lead to security vulnerabilities, as the 
arguments are not escaped, only concatenated.
At C:\Program Files\nodejs\npm.ps1:29 char:3
+   & $NODE_EXE $NPM_CLI_JS $args
+   ~~~~~~~~~~~~~~~~~~~~~~~~~~~~~
    + CategoryInfo          : NotSpecified: ((node:10864) [D...y concatenated. 
   :String) [], RemoteException
    + FullyQualifiedErrorId : NativeCommandError
 
(Use `node --trace-deprecation ...` to show where the warning was created)
  ΓÇó duplicate dependency references  dependencies=["@tensorflow/tfjs-backend-cpu@4.22.0","@tensorflow/tfjs-core@4.22.0","@tensorflow/tfjs-backend-webgl@4.22.0","@tensorflow/tfjs-backend-cpu@4.22.0","@tensorflow/tfjs-core@4.22.0","@tensorflow/tfjs-core@4.22.0","once@1.4.0","@tensorflow/tfjs-core@4.22.0","@tensorflow/tfjs-core@4.22.0","@tensorflow/tfjs-backend-cpu@4.22.0","@tensorflow/tfjs-backend-webgl@4.22.0","@tensorflow/tfjs-core@4.22.0","@tensorflow/tfjs-core@4.22.0","call-bind-apply-helpers@1.0.2","es-object-atoms@1.1.1","hasown@2.0.3","hasown@2.0.3","node-fetch@2.6.13","@tensorflow/tfjs-core@4.22.0","string-width@4.2.3","ansi-styles@4.3.0","string-width@4.2.3","strip-ansi@6.0.1","strip-ansi@6.0.1","once@1.4.0","once@1.4.0","once@1.4.0","pump@3.0.4","readable-stream@3.6.2","end-of-stream@1.4.5","string_decoder@1.3.0","@webassemblyjs/ast@1.14.1","@webassemblyjs/ast@1.14.1","@webassemblyjs/wasm-gen@1.14.1","@webassemblyjs/ast@1.14.1","@webassemblyjs/ieee754@1.13.2","@webassemblyjs/leb128@1.13.2","@webassemblyjs/ast@1.14.1","@webassemblyjs/wasm-gen@1.14.1","@webassemblyjs/wasm-parser@1.14.1","@webassemblyjs/wasm-parser@1.14.1","@webassemblyjs/ast@1.14.1","@webassemblyjs/ast@1.14.1","browserslist@4.28.2","ajv-formats@2.1.1","ajv@8.20.0","ajv@8.20.0","@types/node@24.12.3","schema-utils@4.3.3","@jridgewell/trace-mapping@0.3.31","@jridgewell/trace-mapping@0.3.31","webpack@5.106.2","ajv@8.20.0","react@18.3.1","loose-envify@1.4.0","loose-envify@1.4.0"]
  ΓÇó updating asar integrity executable resource  executablePath=release\win-unpacked\PosturePal.exe
  ΓÇó default Electron icon is used  reason=application icon is not set
  ΓÇó signing with signtool.exe  path=release\win-unpacked\PosturePal.exe
  ΓÇó building        target=zip arch=x64 file=release\PosturePal-1.0.0-win.zip
  ΓÇó building        target=nsis file=release\PosturePal-Setup-1.0.0.exe archs=x64 oneClick=false perMachine=false
  Γ¿» cannot find specified resource "assets/build/icon.ico", nor relative to "C:\Users\HITES\PosturePal\assets\build", neither relative to project dir ("C:\Users\HITES\PosturePal")
